{"timestamp":"2026-08-18T06:48:16.129881Z","level":"info","event":"::group::Pre Execute","logger":"task","filename":"task_runner.py","lineno":2412}
{"timestamp":"2026-08-18T06:48:30.721704Z","level":"info","event":"DAG bundles loaded: dags-folder, example_dags, apache-airflow-providers-common-sql-example-dags, apache-airflow-providers-standard-example-dags","map_index":-1,"run_id":"scheduled__2026-08-18T06:47:50.113543+00:00","try_number":1,"ti_id":"01a013a0-a770-72a8-b9fc-1a38018eda1b","task_id":"ingest_and_load_wikimedia_stream","dag_id":"clickstream_wikimedia_pipeline","logger":"airflow.dag_processing.bundles.manager.DagBundlesManager","filename":"manager.py","lineno":304}
{"timestamp":"2026-08-18T06:48:30.732475Z","level":"info","event":"Filling up the DagBag from /mnt/c/users/aryan/onedrive/desktop/ClickStreamETL/dags/clickstream_pipeline_dag.py","map_index":-1,"run_id":"scheduled__2026-08-18T06:47:50.113543+00:00","try_number":1,"ti_id":"01a013a0-a770-72a8-b9fc-1a38018eda1b","task_id":"ingest_and_load_wikimedia_stream","dag_id":"clickstream_wikimedia_pipeline","logger":"airflow.dag_processing.dagbag.BundleDagBag","filename":"dagbag.py","lineno":460}
{"timestamp":"2026-08-18T06:48:34.972462Z","level":"error","event":"2026-08-18 06:48:34 [INFO] [db_writes]: MySQL database connection engine initialized.","logger":"task.stderr"}
{"timestamp":"2026-08-18T06:48:34.972443Z","level":"info","event":"MySQL database connection engine initialized.","logger":"db_writes","map_index":-1,"run_id":"scheduled__2026-08-18T06:47:50.113543+00:00","try_number":1,"ti_id":"01a013a0-a770-72a8-b9fc-1a38018eda1b","task_id":"ingest_and_load_wikimedia_stream","dag_id":"clickstream_wikimedia_pipeline","filename":"db_connection.py","lineno":37}
{"timestamp":"2026-08-18T06:48:34.991488Z","level":"info","event":"Worker startup parse complete","bundle_name":"dags-folder","bundle_version":null,"dag_file":"clickstream_pipeline_dag.py","dag_id":"clickstream_wikimedia_pipeline","bundle_prepare_ms":68,"dag_file_parse_ms":4259,"map_index":-1,"run_id":"scheduled__2026-08-18T06:47:50.113543+00:00","try_number":1,"ti_id":"01a013a0-a770-72a8-b9fc-1a38018eda1b","task_id":"ingest_and_load_wikimedia_stream","logger":"task","filename":"task_runner.py","lineno":1073}
{"timestamp":"2026-08-18T06:48:35.097974Z","level":"info","event":"Task instance is in running state","logger":"task.stdout"}
{"timestamp":"2026-08-18T06:48:35.101397Z","level":"info","event":" Previous state of the Task instance: TaskInstanceState.QUEUED","logger":"task.stdout"}
{"timestamp":"2026-08-18T06:48:35.104136Z","level":"info","event":"Current task name:ingest_and_load_wikimedia_stream","logger":"task.stdout"}
{"timestamp":"2026-08-18T06:48:35.106748Z","level":"info","event":"Dag name:clickstream_wikimedia_pipeline","logger":"task.stdout"}
{"timestamp":"2026-08-18T06:48:35.099199Z","level":"info","event":"::endgroup::","map_index":-1,"run_id":"scheduled__2026-08-18T06:47:50.113543+00:00","try_number":1,"ti_id":"01a013a0-a770-72a8-b9fc-1a38018eda1b","task_id":"ingest_and_load_wikimedia_stream","dag_id":"clickstream_wikimedia_pipeline","logger":"task","filename":"task_runner.py","lineno":2232}
{"timestamp":"2026-08-18T06:48:35.141628Z","level":"info","event":"Starting clickstream ingestion batch (limit=50 events)...","logger":"task.stdout"}
{"timestamp":"2026-08-18T06:48:35.144642Z","level":"error","event":"2026-08-18 06:48:35 [INFO] [ingestion]: Connecting to SSE stream: https://stream.wikimedia.org/v2/stream/recentchange","logger":"task.stderr"}
{"timestamp":"2026-08-18T06:48:35.143872Z","level":"info","event":"Connecting to SSE stream: https://stream.wikimedia.org/v2/stream/recentchange","logger":"ingestion","map_index":-1,"run_id":"scheduled__2026-08-18T06:47:50.113543+00:00","try_number":1,"ti_id":"01a013a0-a770-72a8-b9fc-1a38018eda1b","task_id":"ingest_and_load_wikimedia_stream","dag_id":"clickstream_wikimedia_pipeline","filename":"api_ingestion.py","lineno":17}
{"timestamp":"2026-08-18T06:48:36.487722Z","level":"error","event":"2026-08-18 06:48:36 [INFO] [db_writes]: Committed event ID: 3f753dbf-5101-444f-9f75-1fa8f6f1e3f6","logger":"task.stderr"}
{"timestamp":"2026-08-18T06:48:36.488079Z","level":"info","event":"Committed event ID: 3f753dbf-5101-444f-9f75-1fa8f6f1e3f6","logger":"db_writes","map_index":-1,"run_id":"scheduled__2026-08-18T06:47:50.113543+00:00","try_number":1,"ti_id":"01a013a0-a770-72a8-b9fc-1a38018eda1b","task_id":"ingest_and_load_wikimedia_stream","dag_id":"clickstream_wikimedia_pipeline","filename":"db_writes.py","lineno":20}
{"timestamp":"2026-08-18T06:48:36.500131Z","level":"error","event":"2026-08-18 06:48:36 [INFO] [db_writes]: Committed event ID: 0cfb7a4e-2e82-4715-8efe-69d33b1566e4","logger":"task.stderr"}
{"timestamp":"2026-08-18T06:48:36.500161Z","level":"info","event":"Committed event ID: 0cfb7a4e-2e82-4715-8efe-69d33b1566e4","logger":"db_writes","map_index":-1,"run_id":"scheduled__2026-08-18T06:47:50.113543+00:00","try_number":1,"ti_id":"01a013a0-a770-72a8-b9fc-1a38018eda1b","task_id":"ingest_and_load_wikimedia_stream","dag_id":"clickstream_wikimedia_pipeline","filename":"db_writes.py","lineno":20}
{"timestamp":"2026-08-18T06:48:36.510042Z","level":"error","event":"2026-08-18 06:48:36 [INFO] [db_writes]: Committed event ID: c2b77999-74a5-4103-946f-4e5b6d81e1d6","logger":"task.stderr"}
{"timestamp":"2026-08-18T06:48:36.510025Z","level":"info","event":"Committed event ID: c2b77999-74a5-4103-946f-4e5b6d81e1d6","logger":"db_writes","map_index":-1,"run_id":"scheduled__2026-08-18T06:47:50.113543+00:00","try_number":1,"ti_id":"01a013a0-a770-72a8-b9fc-1a38018eda1b","task_id":"ingest_and_load_wikimedia_stream","dag_id":"clickstream_wikimedia_pipeline","filename":"db_writes.py","lineno":20}
{"timestamp":"2026-08-18T06:48:36.530325Z","level":"error","event":"2026-08-18 06:48:36 [INFO] [db_writes]: Committed event ID: 02d5cff3-6b9c-4794-a9e1-3128324d2cde","logger":"task.stderr"}
{"timestamp":"2026-08-18T06:48:36.530291Z","level":"info","event":"Committed event ID: 02d5cff3-6b9c-4794-a9e1-3128324d2cde","logger":"db_writes","map_index":-1,"run_id":"scheduled__2026-08-18T06:47:50.113543+00:00","try_number":1,"ti_id":"01a013a0-a770-72a8-b9fc-1a38018eda1b","task_id":"ingest_and_load_wikimedia_stream","dag_id":"clickstream_wikimedia_pipeline","filename":"db_writes.py","lineno":20}
{"timestamp":"2026-08-18T06:48:36.624608Z","level":"error","event":"2026-08-18 06:48:36 [INFO] [db_writes]: Committed event ID: 417b1efb-804a-4555-8cb4-20a24e890ba7","logger":"task.stderr"}
{"timestamp":"2026-08-18T06:48:36.624553Z","level":"info","event":"Committed event ID: 417b1efb-804a-4555-8cb4-20a24e890ba7","logger":"db_writes","map_index":-1,"run_id":"scheduled__2026-08-18T06:47:50.113543+00:00","try_number":1,"ti_id":"01a013a0-a770-72a8-b9fc-1a38018eda1b","task_id":"ingest_and_load_wikimedia_stream","dag_id":"clickstream_wikimedia_pipeline","filename":"db_writes.py","lineno":20}
{"timestamp":"2026-08-18T06:48:36.712765Z","level":"error","event":"2026-08-18 06:48:36 [INFO] [db_writes]: Committed event ID: 6170ca02-9eb5-42d3-a93a-ef655b090efa","logger":"task.stderr"}
{"timestamp":"2026-08-18T06:48:36.712849Z","level":"info","event":"Committed event ID: 6170ca02-9eb5-42d3-a93a-ef655b090efa","logger":"db_writes","map_index":-1,"run_id":"scheduled__2026-08-18T06:47:50.113543+00:00","try_number":1,"ti_id":"01a013a0-a770-72a8-b9fc-1a38018eda1b","task_id":"ingest_and_load_wikimedia_stream","dag_id":"clickstream_wikimedia_pipeline","filename":"db_writes.py","lineno":20}
{"timestamp":"2026-08-18T06:48:36.723867Z","level":"error","event":"2026-08-18 06:48:36 [INFO] [db_writes]: Committed event ID: ded47798-a0d6-413b-a6e6-cb46a8e70be9","logger":"task.stderr"}
{"timestamp":"2026-08-18T06:48:36.724181Z","level":"info","event":"Committed event ID: ded47798-a0d6-413b-a6e6-cb46a8e70be9","logger":"db_writes","map_index":-1,"run_id":"scheduled__2026-08-18T06:47:50.113543+00:00","try_number":1,"ti_id":"01a013a0-a770-72a8-b9fc-1a38018eda1b","task_id":"ingest_and_load_wikimedia_stream","dag_id":"clickstream_wikimedia_pipeline","filename":"db_writes.py","lineno":20}
{"timestamp":"2026-08-18T06:48:36.757471Z","level":"error","event":"2026-08-18 06:48:36 [INFO] [db_writes]: Committed event ID: 4f664ea9-8555-4937-bb08-6c8e0aa0ec70","logger":"task.stderr"}
{"timestamp":"2026-08-18T06:48:36.757456Z","level":"info","event":"Committed event ID: 4f664ea9-8555-4937-bb08-6c8e0aa0ec70","logger":"db_writes","map_index":-1,"run_id":"scheduled__2026-08-18T06:47:50.113543+00:00","try_number":1,"ti_id":"01a013a0-a770-72a8-b9fc-1a38018eda1b","task_id":"ingest_and_load_wikimedia_stream","dag_id":"clickstream_wikimedia_pipeline","filename":"db_writes.py","lineno":20}
{"timestamp":"2026-08-18T06:48:36.767927Z","level":"error","event":"2026-08-18 06:48:36 [INFO] [db_writes]: Committed event ID: 7686cdbb-dbe2-4cdb-9ffc-8e02e7fadeb6","logger":"task.stderr"}
{"timestamp":"2026-08-18T06:48:36.767959Z","level":"info","event":"Committed event ID: 7686cdbb-dbe2-4cdb-9ffc-8e02e7fadeb6","logger":"db_writes","map_index":-1,"run_id":"scheduled__2026-08-18T06:47:50.113543+00:00","try_number":1,"ti_id":"01a013a0-a770-72a8-b9fc-1a38018eda1b","task_id":"ingest_and_load_wikimedia_stream","dag_id":"clickstream_wikimedia_pipeline","filename":"db_writes.py","lineno":20}
{"timestamp":"2026-08-18T06:48:36.776034Z","level":"error","event":"2026-08-18 06:48:36 [INFO] [db_writes]: Committed event ID: 551c08b2-2ef6-4a97-8420-d4434346fa5f","logger":"task.stderr"}
{"timestamp":"2026-08-18T06:48:36.775988Z","level":"info","event":"Committed event ID: 551c08b2-2ef6-4a97-8420-d4434346fa5f","logger":"db_writes","map_index":-1,"run_id":"scheduled__2026-08-18T06:47:50.113543+00:00","try_number":1,"ti_id":"01a013a0-a770-72a8-b9fc-1a38018eda1b","task_id":"ingest_and_load_wikimedia_stream","dag_id":"clickstream_wikimedia_pipeline","filename":"db_writes.py","lineno":20}
{"timestamp":"2026-08-18T06:48:36.784546Z","level":"error","event":"2026-08-18 06:48:36 [INFO] [db_writes]: Committed event ID: 1d2c6c72-82ad-400b-b29a-23e014d2d6c5","logger":"task.stderr"}
{"timestamp":"2026-08-18T06:48:36.784532Z","level":"info","event":"Committed event ID: 1d2c6c72-82ad-400b-b29a-23e014d2d6c5","logger":"db_writes","map_index":-1,"run_id":"scheduled__2026-08-18T06:47:50.113543+00:00","try_number":1,"ti_id":"01a013a0-a770-72a8-b9fc-1a38018eda1b","task_id":"ingest_and_load_wikimedia_stream","dag_id":"clickstream_wikimedia_pipeline","filename":"db_writes.py","lineno":20}
{"timestamp":"2026-08-18T06:48:36.982912Z","level":"error","event":"2026-08-18 06:48:36 [INFO] [db_writes]: Committed event ID: 5c5acac5-6210-41ca-af81-1bc4785d45cb","logger":"task.stderr"}
{"timestamp":"2026-08-18T06:48:36.982927Z","level":"info","event":"Committed event ID: 5c5acac5-6210-41ca-af81-1bc4785d45cb","logger":"db_writes","map_index":-1,"run_id":"scheduled__2026-08-18T06:47:50.113543+00:00","try_number":1,"ti_id":"01a013a0-a770-72a8-b9fc-1a38018eda1b","task_id":"ingest_and_load_wikimedia_stream","dag_id":"clickstream_wikimedia_pipeline","filename":"db_writes.py","lineno":20}
{"timestamp":"2026-08-18T06:48:37.237464Z","level":"error","event":"2026-08-18 06:48:37 [INFO] [db_writes]: Committed event ID: 7293943b-5814-4d40-b68f-9e72f4efafb9","logger":"task.stderr"}
{"timestamp":"2026-08-18T06:48:37.237482Z","level":"info","event":"Committed event ID: 7293943b-5814-4d40-b68f-9e72f4efafb9","logger":"db_writes","map_index":-1,"run_id":"scheduled__2026-08-18T06:47:50.113543+00:00","try_number":1,"ti_id":"01a013a0-a770-72a8-b9fc-1a38018eda1b","task_id":"ingest_and_load_wikimedia_stream","dag_id":"clickstream_wikimedia_pipeline","filename":"db_writes.py","lineno":20}
{"timestamp":"2026-08-18T06:48:37.269952Z","level":"error","event":"2026-08-18 06:48:37 [INFO] [db_writes]: Committed event ID: 1b345c32-3bcd-4c75-80bc-46b8b72a6039","logger":"task.stderr"}
{"timestamp":"2026-08-18T06:48:37.269939Z","level":"info","event":"Committed event ID: 1b345c32-3bcd-4c75-80bc-46b8b72a6039","logger":"db_writes","map_index":-1,"run_id":"scheduled__2026-08-18T06:47:50.113543+00:00","try_number":1,"ti_id":"01a013a0-a770-72a8-b9fc-1a38018eda1b","task_id":"ingest_and_load_wikimedia_stream","dag_id":"clickstream_wikimedia_pipeline","filename":"db_writes.py","lineno":20}
{"timestamp":"2026-08-18T06:48:37.340391Z","level":"error","event":"2026-08-18 06:48:37 [INFO] [db_writes]: Committed event ID: 0b47e7fd-165d-48b1-887f-1b2a009af87c","logger":"task.stderr"}
{"timestamp":"2026-08-18T06:48:37.340337Z","level":"info","event":"Committed event ID: 0b47e7fd-165d-48b1-887f-1b2a009af87c","logger":"db_writes","map_index":-1,"run_id":"scheduled__2026-08-18T06:47:50.113543+00:00","try_number":1,"ti_id":"01a013a0-a770-72a8-b9fc-1a38018eda1b","task_id":"ingest_and_load_wikimedia_stream","dag_id":"clickstream_wikimedia_pipeline","filename":"db_writes.py","lineno":20}
{"timestamp":"2026-08-18T06:48:37.360746Z","level":"error","event":"2026-08-18 06:48:37 [INFO] [db_writes]: Committed event ID: 783ab731-045b-40eb-809b-fba5e5119aba","logger":"task.stderr"}
{"timestamp":"2026-08-18T06:48:37.360723Z","level":"info","event":"Committed event ID: 783ab731-045b-40eb-809b-fba5e5119aba","logger":"db_writes","map_index":-1,"run_id":"scheduled__2026-08-18T06:47:50.113543+00:00","try_number":1,"ti_id":"01a013a0-a770-72a8-b9fc-1a38018eda1b","task_id":"ingest_and_load_wikimedia_stream","dag_id":"clickstream_wikimedia_pipeline","filename":"db_writes.py","lineno":20}
{"timestamp":"2026-08-18T06:48:37.368705Z","level":"error","event":"2026-08-18 06:48:37 [INFO] [db_writes]: Committed event ID: 1a64c89a-cb8a-4efa-bf08-c779eb7ec531","logger":"task.stderr"}
{"timestamp":"2026-08-18T06:48:37.368652Z","level":"info","event":"Committed event ID: 1a64c89a-cb8a-4efa-bf08-c779eb7ec531","logger":"db_writes","map_index":-1,"run_id":"scheduled__2026-08-18T06:47:50.113543+00:00","try_number":1,"ti_id":"01a013a0-a770-72a8-b9fc-1a38018eda1b","task_id":"ingest_and_load_wikimedia_stream","dag_id":"clickstream_wikimedia_pipeline","filename":"db_writes.py","lineno":20}
{"timestamp":"2026-08-18T06:48:37.382035Z","level":"error","event":"2026-08-18 06:48:37 [INFO] [db_writes]: Committed event ID: 9345237f-199b-461a-8147-4aa673b1feb1","logger":"task.stderr"}
{"timestamp":"2026-08-18T06:48:37.382003Z","level":"info","event":"Committed event ID: 9345237f-199b-461a-8147-4aa673b1feb1","logger":"db_writes","map_index":-1,"run_id":"scheduled__2026-08-18T06:47:50.113543+00:00","try_number":1,"ti_id":"01a013a0-a770-72a8-b9fc-1a38018eda1b","task_id":"ingest_and_load_wikimedia_stream","dag_id":"clickstream_wikimedia_pipeline","filename":"db_writes.py","lineno":20}
{"timestamp":"2026-08-18T06:48:37.399135Z","level":"error","event":"2026-08-18 06:48:37 [INFO] [db_writes]: Committed event ID: b313ec32-8ace-48ea-a4a8-dee8292360e2","logger":"task.stderr"}
{"timestamp":"2026-08-18T06:48:37.399123Z","level":"info","event":"Committed event ID: b313ec32-8ace-48ea-a4a8-dee8292360e2","logger":"db_writes","map_index":-1,"run_id":"scheduled__2026-08-18T06:47:50.113543+00:00","try_number":1,"ti_id":"01a013a0-a770-72a8-b9fc-1a38018eda1b","task_id":"ingest_and_load_wikimedia_stream","dag_id":"clickstream_wikimedia_pipeline","filename":"db_writes.py","lineno":20}
{"timestamp":"2026-08-18T06:48:37.434599Z","level":"error","event":"2026-08-18 06:48:37 [INFO] [db_writes]: Committed event ID: b8c5790d-9d82-4e57-92b3-259c0ad4dfa9","logger":"task.stderr"}
{"timestamp":"2026-08-18T06:48:37.434561Z","level":"info","event":"Committed event ID: b8c5790d-9d82-4e57-92b3-259c0ad4dfa9","logger":"db_writes","map_index":-1,"run_id":"scheduled__2026-08-18T06:47:50.113543+00:00","try_number":1,"ti_id":"01a013a0-a770-72a8-b9fc-1a38018eda1b","task_id":"ingest_and_load_wikimedia_stream","dag_id":"clickstream_wikimedia_pipeline","filename":"db_writes.py","lineno":20}
{"timestamp":"2026-08-18T06:48:37.442910Z","level":"error","event":"2026-08-18 06:48:37 [INFO] [db_writes]: Committed event ID: 00894e96-be76-4920-a95d-6602acffba90","logger":"task.stderr"}
{"timestamp":"2026-08-18T06:48:37.442854Z","level":"info","event":"Committed event ID: 00894e96-be76-4920-a95d-6602acffba90","logger":"db_writes","map_index":-1,"run_id":"scheduled__2026-08-18T06:47:50.113543+00:00","try_number":1,"ti_id":"01a013a0-a770-72a8-b9fc-1a38018eda1b","task_id":"ingest_and_load_wikimedia_stream","dag_id":"clickstream_wikimedia_pipeline","filename":"db_writes.py","lineno":20}
{"timestamp":"2026-08-18T06:48:37.456347Z","level":"error","event":"2026-08-18 06:48:37 [INFO] [db_writes]: Committed event ID: bd2bbd5d-f40c-4784-a99d-9a0810ac1e80","logger":"task.stderr"}
{"timestamp":"2026-08-18T06:48:37.456325Z","level":"info","event":"Committed event ID: bd2bbd5d-f40c-4784-a99d-9a0810ac1e80","logger":"db_writes","map_index":-1,"run_id":"scheduled__2026-08-18T06:47:50.113543+00:00","try_number":1,"ti_id":"01a013a0-a770-72a8-b9fc-1a38018eda1b","task_id":"ingest_and_load_wikimedia_stream","dag_id":"clickstream_wikimedia_pipeline","filename":"db_writes.py","lineno":20}
{"timestamp":"2026-08-18T06:48:37.476804Z","level":"error","event":"2026-08-18 06:48:37 [INFO] [db_writes]: Committed event ID: e21cc4e1-30c3-4b94-b796-d648abfcc0a8","logger":"task.stderr"}
{"timestamp":"2026-08-18T06:48:37.476793Z","level":"info","event":"Committed event ID: e21cc4e1-30c3-4b94-b796-d648abfcc0a8","logger":"db_writes","map_index":-1,"run_id":"scheduled__2026-08-18T06:47:50.113543+00:00","try_number":1,"ti_id":"01a013a0-a770-72a8-b9fc-1a38018eda1b","task_id":"ingest_and_load_wikimedia_stream","dag_id":"clickstream_wikimedia_pipeline","filename":"db_writes.py","lineno":20}
{"timestamp":"2026-08-18T06:48:37.525700Z","level":"error","event":"2026-08-18 06:48:37 [INFO] [db_writes]: Committed event ID: 4248ac72-bd65-4a31-8b7b-4eb3d0aad5a1","logger":"task.stderr"}
{"timestamp":"2026-08-18T06:48:37.525693Z","level":"info","event":"Committed event ID: 4248ac72-bd65-4a31-8b7b-4eb3d0aad5a1","logger":"db_writes","map_index":-1,"run_id":"scheduled__2026-08-18T06:47:50.113543+00:00","try_number":1,"ti_id":"01a013a0-a770-72a8-b9fc-1a38018eda1b","task_id":"ingest_and_load_wikimedia_stream","dag_id":"clickstream_wikimedia_pipeline","filename":"db_writes.py","lineno":20}
{"timestamp":"2026-08-18T06:48:37.534070Z","level":"error","event":"2026-08-18 06:48:37 [INFO] [db_writes]: Committed event ID: d1092a7f-bb2a-49d8-b8bf-fd4a97984e8f","logger":"task.stderr"}
{"timestamp":"2026-08-18T06:48:37.534034Z","level":"info","event":"Committed event ID: d1092a7f-bb2a-49d8-b8bf-fd4a97984e8f","logger":"db_writes","map_index":-1,"run_id":"scheduled__2026-08-18T06:47:50.113543+00:00","try_number":1,"ti_id":"01a013a0-a770-72a8-b9fc-1a38018eda1b","task_id":"ingest_and_load_wikimedia_stream","dag_id":"clickstream_wikimedia_pipeline","filename":"db_writes.py","lineno":20}
{"timestamp":"2026-08-18T06:48:37.588431Z","level":"error","event":"2026-08-18 06:48:37 [INFO] [db_writes]: Committed event ID: 0356f797-bf0a-4bee-b9e6-df6237c3cde0","logger":"task.stderr"}
{"timestamp":"2026-08-18T06:48:37.588364Z","level":"info","event":"Committed event ID: 0356f797-bf0a-4bee-b9e6-df6237c3cde0","logger":"db_writes","map_index":-1,"run_id":"scheduled__2026-08-18T06:47:50.113543+00:00","try_number":1,"ti_id":"01a013a0-a770-72a8-b9fc-1a38018eda1b","task_id":"ingest_and_load_wikimedia_stream","dag_id":"clickstream_wikimedia_pipeline","filename":"db_writes.py","lineno":20}
{"timestamp":"2026-08-18T06:48:37.619379Z","level":"error","event":"2026-08-18 06:48:37 [INFO] [db_writes]: Committed event ID: 1e21fafc-1a49-43c0-be4c-30312ec446f2","logger":"task.stderr"}
{"timestamp":"2026-08-18T06:48:37.619378Z","level":"info","event":"Committed event ID: 1e21fafc-1a49-43c0-be4c-30312ec446f2","logger":"db_writes","map_index":-1,"run_id":"scheduled__2026-08-18T06:47:50.113543+00:00","try_number":1,"ti_id":"01a013a0-a770-72a8-b9fc-1a38018eda1b","task_id":"ingest_and_load_wikimedia_stream","dag_id":"clickstream_wikimedia_pipeline","filename":"db_writes.py","lineno":20}
{"timestamp":"2026-08-18T06:48:37.658722Z","level":"error","event":"2026-08-18 06:48:37 [INFO] [db_writes]: Committed event ID: 2b593e1f-cf76-4359-a3ff-7a57cc1d94ab","logger":"task.stderr"}
{"timestamp":"2026-08-18T06:48:37.658719Z","level":"info","event":"Committed event ID: 2b593e1f-cf76-4359-a3ff-7a57cc1d94ab","logger":"db_writes","map_index":-1,"run_id":"scheduled__2026-08-18T06:47:50.113543+00:00","try_number":1,"ti_id":"01a013a0-a770-72a8-b9fc-1a38018eda1b","task_id":"ingest_and_load_wikimedia_stream","dag_id":"clickstream_wikimedia_pipeline","filename":"db_writes.py","lineno":20}
{"timestamp":"2026-08-18T06:48:37.680610Z","level":"error","event":"2026-08-18 06:48:37 [INFO] [db_writes]: Committed event ID: 3e493e76-ae02-4791-9997-de707701dc14","logger":"task.stderr"}
{"timestamp":"2026-08-18T06:48:37.680551Z","level":"info","event":"Committed event ID: 3e493e76-ae02-4791-9997-de707701dc14","logger":"db_writes","map_index":-1,"run_id":"scheduled__2026-08-18T06:47:50.113543+00:00","try_number":1,"ti_id":"01a013a0-a770-72a8-b9fc-1a38018eda1b","task_id":"ingest_and_load_wikimedia_stream","dag_id":"clickstream_wikimedia_pipeline","filename":"db_writes.py","lineno":20}
{"timestamp":"2026-08-18T06:48:37.762628Z","level":"error","event":"2026-08-18 06:48:37 [INFO] [db_writes]: Committed event ID: 0b37cca5-f16e-4b48-b9c9-b526c14308d5","logger":"task.stderr"}
{"timestamp":"2026-08-18T06:48:37.762596Z","level":"info","event":"Committed event ID: 0b37cca5-f16e-4b48-b9c9-b526c14308d5","logger":"db_writes","map_index":-1,"run_id":"scheduled__2026-08-18T06:47:50.113543+00:00","try_number":1,"ti_id":"01a013a0-a770-72a8-b9fc-1a38018eda1b","task_id":"ingest_and_load_wikimedia_stream","dag_id":"clickstream_wikimedia_pipeline","filename":"db_writes.py","lineno":20}
{"timestamp":"2026-08-18T06:48:37.789722Z","level":"error","event":"2026-08-18 06:48:37 [INFO] [db_writes]: Committed event ID: 4d5384e8-240f-4dc2-a00d-4fd47e60a808","logger":"task.stderr"}
{"timestamp":"2026-08-18T06:48:37.789702Z","level":"info","event":"Committed event ID: 4d5384e8-240f-4dc2-a00d-4fd47e60a808","logger":"db_writes","map_index":-1,"run_id":"scheduled__2026-08-18T06:47:50.113543+00:00","try_number":1,"ti_id":"01a013a0-a770-72a8-b9fc-1a38018eda1b","task_id":"ingest_and_load_wikimedia_stream","dag_id":"clickstream_wikimedia_pipeline","filename":"db_writes.py","lineno":20}
{"timestamp":"2026-08-18T06:48:37.864242Z","level":"error","event":"2026-08-18 06:48:37 [INFO] [db_writes]: Committed event ID: cb96f06d-8f60-415f-8546-30dbbb92c005","logger":"task.stderr"}
{"timestamp":"2026-08-18T06:48:37.864232Z","level":"info","event":"Committed event ID: cb96f06d-8f60-415f-8546-30dbbb92c005","logger":"db_writes","map_index":-1,"run_id":"scheduled__2026-08-18T06:47:50.113543+00:00","try_number":1,"ti_id":"01a013a0-a770-72a8-b9fc-1a38018eda1b","task_id":"ingest_and_load_wikimedia_stream","dag_id":"clickstream_wikimedia_pipeline","filename":"db_writes.py","lineno":20}
{"timestamp":"2026-08-18T06:48:37.915133Z","level":"error","event":"2026-08-18 06:48:37 [INFO] [db_writes]: Committed event ID: 3898abbd-8250-4d67-a285-762c4c641485","logger":"task.stderr"}
{"timestamp":"2026-08-18T06:48:37.915121Z","level":"info","event":"Committed event ID: 3898abbd-8250-4d67-a285-762c4c641485","logger":"db_writes","map_index":-1,"run_id":"scheduled__2026-08-18T06:47:50.113543+00:00","try_number":1,"ti_id":"01a013a0-a770-72a8-b9fc-1a38018eda1b","task_id":"ingest_and_load_wikimedia_stream","dag_id":"clickstream_wikimedia_pipeline","filename":"db_writes.py","lineno":20}
{"timestamp":"2026-08-18T06:48:37.958813Z","level":"error","event":"2026-08-18 06:48:37 [INFO] [db_writes]: Committed event ID: 75922465-6e2f-4a3c-9d53-4fb15d3db94e","logger":"task.stderr"}
{"timestamp":"2026-08-18T06:48:37.958750Z","level":"info","event":"Committed event ID: 75922465-6e2f-4a3c-9d53-4fb15d3db94e","logger":"db_writes","map_index":-1,"run_id":"scheduled__2026-08-18T06:47:50.113543+00:00","try_number":1,"ti_id":"01a013a0-a770-72a8-b9fc-1a38018eda1b","task_id":"ingest_and_load_wikimedia_stream","dag_id":"clickstream_wikimedia_pipeline","filename":"db_writes.py","lineno":20}
{"timestamp":"2026-08-18T06:48:37.980513Z","level":"error","event":"2026-08-18 06:48:37 [INFO] [db_writes]: Committed event ID: 1ce656ee-6130-468f-807d-0f6d646cf35f","logger":"task.stderr"}
{"timestamp":"2026-08-18T06:48:37.980507Z","level":"info","event":"Committed event ID: 1ce656ee-6130-468f-807d-0f6d646cf35f","logger":"db_writes","map_index":-1,"run_id":"scheduled__2026-08-18T06:47:50.113543+00:00","try_number":1,"ti_id":"01a013a0-a770-72a8-b9fc-1a38018eda1b","task_id":"ingest_and_load_wikimedia_stream","dag_id":"clickstream_wikimedia_pipeline","filename":"db_writes.py","lineno":20}
{"timestamp":"2026-08-18T06:48:38.004659Z","level":"error","event":"2026-08-18 06:48:38 [INFO] [db_writes]: Committed event ID: dff92afe-7041-407f-9240-5e04439f11eb","logger":"task.stderr"}
{"timestamp":"2026-08-18T06:48:38.004624Z","level":"info","event":"Committed event ID: dff92afe-7041-407f-9240-5e04439f11eb","logger":"db_writes","map_index":-1,"run_id":"scheduled__2026-08-18T06:47:50.113543+00:00","try_number":1,"ti_id":"01a013a0-a770-72a8-b9fc-1a38018eda1b","task_id":"ingest_and_load_wikimedia_stream","dag_id":"clickstream_wikimedia_pipeline","filename":"db_writes.py","lineno":20}
{"timestamp":"2026-08-18T06:48:38.015214Z","level":"error","event":"2026-08-18 06:48:38 [INFO] [db_writes]: Committed event ID: 5ef07941-d6db-41fe-b841-18147d730ae4","logger":"task.stderr"}
{"timestamp":"2026-08-18T06:48:38.015190Z","level":"info","event":"Committed event ID: 5ef07941-d6db-41fe-b841-18147d730ae4","logger":"db_writes","map_index":-1,"run_id":"scheduled__2026-08-18T06:47:50.113543+00:00","try_number":1,"ti_id":"01a013a0-a770-72a8-b9fc-1a38018eda1b","task_id":"ingest_and_load_wikimedia_stream","dag_id":"clickstream_wikimedia_pipeline","filename":"db_writes.py","lineno":20}
{"timestamp":"2026-08-18T06:48:38.032231Z","level":"error","event":"2026-08-18 06:48:38 [INFO] [db_writes]: Committed event ID: 4a4bd310-3d13-47d9-99b2-8a4186838ade","logger":"task.stderr"}
{"timestamp":"2026-08-18T06:48:38.032205Z","level":"info","event":"Committed event ID: 4a4bd310-3d13-47d9-99b2-8a4186838ade","logger":"db_writes","map_index":-1,"run_id":"scheduled__2026-08-18T06:47:50.113543+00:00","try_number":1,"ti_id":"01a013a0-a770-72a8-b9fc-1a38018eda1b","task_id":"ingest_and_load_wikimedia_stream","dag_id":"clickstream_wikimedia_pipeline","filename":"db_writes.py","lineno":20}
{"timestamp":"2026-08-18T06:48:38.043153Z","level":"error","event":"2026-08-18 06:48:38 [INFO] [db_writes]: Committed event ID: 6cdc51e1-7304-49ae-bf81-0a91c0fc5811","logger":"task.stderr"}
{"timestamp":"2026-08-18T06:48:38.043158Z","level":"info","event":"Committed event ID: 6cdc51e1-7304-49ae-bf81-0a91c0fc5811","logger":"db_writes","map_index":-1,"run_id":"scheduled__2026-08-18T06:47:50.113543+00:00","try_number":1,"ti_id":"01a013a0-a770-72a8-b9fc-1a38018eda1b","task_id":"ingest_and_load_wikimedia_stream","dag_id":"clickstream_wikimedia_pipeline","filename":"db_writes.py","lineno":20}
{"timestamp":"2026-08-18T06:48:38.057976Z","level":"error","event":"2026-08-18 06:48:38 [INFO] [db_writes]: Committed event ID: a8cf972a-8479-4951-864b-2e517dccc6e9","logger":"task.stderr"}
{"timestamp":"2026-08-18T06:48:38.057966Z","level":"info","event":"Committed event ID: a8cf972a-8479-4951-864b-2e517dccc6e9","logger":"db_writes","map_index":-1,"run_id":"scheduled__2026-08-18T06:47:50.113543+00:00","try_number":1,"ti_id":"01a013a0-a770-72a8-b9fc-1a38018eda1b","task_id":"ingest_and_load_wikimedia_stream","dag_id":"clickstream_wikimedia_pipeline","filename":"db_writes.py","lineno":20}
{"timestamp":"2026-08-18T06:48:38.077119Z","level":"error","event":"2026-08-18 06:48:38 [INFO] [db_writes]: Committed event ID: 685f010c-4c05-477c-892f-a1c923d40eec","logger":"task.stderr"}
{"timestamp":"2026-08-18T06:48:38.077106Z","level":"info","event":"Committed event ID: 685f010c-4c05-477c-892f-a1c923d40eec","logger":"db_writes","map_index":-1,"run_id":"scheduled__2026-08-18T06:47:50.113543+00:00","try_number":1,"ti_id":"01a013a0-a770-72a8-b9fc-1a38018eda1b","task_id":"ingest_and_load_wikimedia_stream","dag_id":"clickstream_wikimedia_pipeline","filename":"db_writes.py","lineno":20}
{"timestamp":"2026-08-18T06:48:38.103225Z","level":"error","event":"2026-08-18 06:48:38 [INFO] [db_writes]: Committed event ID: c2ce3eb5-89a6-4093-a39e-1cac75da6fda","logger":"task.stderr"}
{"timestamp":"2026-08-18T06:48:38.103211Z","level":"info","event":"Committed event ID: c2ce3eb5-89a6-4093-a39e-1cac75da6fda","logger":"db_writes","map_index":-1,"run_id":"scheduled__2026-08-18T06:47:50.113543+00:00","try_number":1,"ti_id":"01a013a0-a770-72a8-b9fc-1a38018eda1b","task_id":"ingest_and_load_wikimedia_stream","dag_id":"clickstream_wikimedia_pipeline","filename":"db_writes.py","lineno":20}
{"timestamp":"2026-08-18T06:48:38.113225Z","level":"error","event":"2026-08-18 06:48:38 [INFO] [db_writes]: Committed event ID: 23dfe944-31e6-4875-ac64-5ae1ec2ab684","logger":"task.stderr"}
{"timestamp":"2026-08-18T06:48:38.113205Z","level":"info","event":"Committed event ID: 23dfe944-31e6-4875-ac64-5ae1ec2ab684","logger":"db_writes","map_index":-1,"run_id":"scheduled__2026-08-18T06:47:50.113543+00:00","try_number":1,"ti_id":"01a013a0-a770-72a8-b9fc-1a38018eda1b","task_id":"ingest_and_load_wikimedia_stream","dag_id":"clickstream_wikimedia_pipeline","filename":"db_writes.py","lineno":20}
{"timestamp":"2026-08-18T06:48:38.131077Z","level":"error","event":"2026-08-18 06:48:38 [INFO] [db_writes]: Committed event ID: a4282960-ec5e-49bb-bd8a-1a56a2f3663f","logger":"task.stderr"}
{"timestamp":"2026-08-18T06:48:38.131071Z","level":"info","event":"Committed event ID: a4282960-ec5e-49bb-bd8a-1a56a2f3663f","logger":"db_writes","map_index":-1,"run_id":"scheduled__2026-08-18T06:47:50.113543+00:00","try_number":1,"ti_id":"01a013a0-a770-72a8-b9fc-1a38018eda1b","task_id":"ingest_and_load_wikimedia_stream","dag_id":"clickstream_wikimedia_pipeline","filename":"db_writes.py","lineno":20}
{"timestamp":"2026-08-18T06:48:38.151705Z","level":"error","event":"2026-08-18 06:48:38 [INFO] [db_writes]: Committed event ID: 990839d6-0c65-4035-8f0c-f9082a023fb9","logger":"task.stderr"}
{"timestamp":"2026-08-18T06:48:38.151673Z","level":"info","event":"Committed event ID: 990839d6-0c65-4035-8f0c-f9082a023fb9","logger":"db_writes","map_index":-1,"run_id":"scheduled__2026-08-18T06:47:50.113543+00:00","try_number":1,"ti_id":"01a013a0-a770-72a8-b9fc-1a38018eda1b","task_id":"ingest_and_load_wikimedia_stream","dag_id":"clickstream_wikimedia_pipeline","filename":"db_writes.py","lineno":20}
{"timestamp":"2026-08-18T06:48:38.173348Z","level":"error","event":"2026-08-18 06:48:38 [INFO] [db_writes]: Committed event ID: ebb4c114-4ef3-4acd-9e6e-7bcdee6d2c8b","logger":"task.stderr"}
{"timestamp":"2026-08-18T06:48:38.173273Z","level":"info","event":"Committed event ID: ebb4c114-4ef3-4acd-9e6e-7bcdee6d2c8b","logger":"db_writes","map_index":-1,"run_id":"scheduled__2026-08-18T06:47:50.113543+00:00","try_number":1,"ti_id":"01a013a0-a770-72a8-b9fc-1a38018eda1b","task_id":"ingest_and_load_wikimedia_stream","dag_id":"clickstream_wikimedia_pipeline","filename":"db_writes.py","lineno":20}
{"timestamp":"2026-08-18T06:48:38.229310Z","level":"error","event":"2026-08-18 06:48:38 [INFO] [db_writes]: Committed event ID: ca39aabe-8d17-42c5-8a14-f80eccaa3645","logger":"task.stderr"}
{"timestamp":"2026-08-18T06:48:38.229219Z","level":"info","event":"Committed event ID: ca39aabe-8d17-42c5-8a14-f80eccaa3645","logger":"db_writes","map_index":-1,"run_id":"scheduled__2026-08-18T06:47:50.113543+00:00","try_number":1,"ti_id":"01a013a0-a770-72a8-b9fc-1a38018eda1b","task_id":"ingest_and_load_wikimedia_stream","dag_id":"clickstream_wikimedia_pipeline","filename":"db_writes.py","lineno":20}
{"timestamp":"2026-08-18T06:48:38.241928Z","level":"error","event":"2026-08-18 06:48:38 [INFO] [db_writes]: Committed event ID: 72b2202b-e015-488c-bfe0-f937bd5623ea","logger":"task.stderr"}
{"timestamp":"2026-08-18T06:48:38.241945Z","level":"info","event":"Committed event ID: 72b2202b-e015-488c-bfe0-f937bd5623ea","logger":"db_writes","map_index":-1,"run_id":"scheduled__2026-08-18T06:47:50.113543+00:00","try_number":1,"ti_id":"01a013a0-a770-72a8-b9fc-1a38018eda1b","task_id":"ingest_and_load_wikimedia_stream","dag_id":"clickstream_wikimedia_pipeline","filename":"db_writes.py","lineno":20}
{"timestamp":"2026-08-18T06:48:38.253149Z","level":"error","event":"2026-08-18 06:48:38 [INFO] [db_writes]: Committed event ID: 090a2dce-5456-4d7e-8506-ca3e603ca5d2","logger":"task.stderr"}
{"timestamp":"2026-08-18T06:48:38.253135Z","level":"info","event":"Committed event ID: 090a2dce-5456-4d7e-8506-ca3e603ca5d2","logger":"db_writes","map_index":-1,"run_id":"scheduled__2026-08-18T06:47:50.113543+00:00","try_number":1,"ti_id":"01a013a0-a770-72a8-b9fc-1a38018eda1b","task_id":"ingest_and_load_wikimedia_stream","dag_id":"clickstream_wikimedia_pipeline","filename":"db_writes.py","lineno":20}
{"timestamp":"2026-08-18T06:48:38.569940Z","level":"error","event":"2026-08-18 06:48:38 [INFO] [db_writes]: Committed event ID: 6c852499-0c87-46ba-8cda-69a4a86bb493","logger":"task.stderr"}
{"timestamp":"2026-08-18T06:48:38.569838Z","level":"info","event":"Committed event ID: 6c852499-0c87-46ba-8cda-69a4a86bb493","logger":"db_writes","map_index":-1,"run_id":"scheduled__2026-08-18T06:47:50.113543+00:00","try_number":1,"ti_id":"01a013a0-a770-72a8-b9fc-1a38018eda1b","task_id":"ingest_and_load_wikimedia_stream","dag_id":"clickstream_wikimedia_pipeline","filename":"db_writes.py","lineno":20}
{"timestamp":"2026-08-18T06:48:38.578233Z","level":"error","event":"2026-08-18 06:48:38 [INFO] [ingestion]: Batch completed with 50 records.","logger":"task.stderr"}
{"timestamp":"2026-08-18T06:48:38.581500Z","level":"info","event":"Batch completed with 50 records.","logger":"ingestion","map_index":-1,"run_id":"scheduled__2026-08-18T06:47:50.113543+00:00","try_number":1,"ti_id":"01a013a0-a770-72a8-b9fc-1a38018eda1b","task_id":"ingest_and_load_wikimedia_stream","dag_id":"clickstream_wikimedia_pipeline","filename":"api_ingestion.py","lineno":33}
{"timestamp":"2026-08-18T06:48:38.584463Z","level":"info","event":"Done. Returned value was: None","map_index":-1,"run_id":"scheduled__2026-08-18T06:47:50.113543+00:00","try_number":1,"ti_id":"01a013a0-a770-72a8-b9fc-1a38018eda1b","task_id":"ingest_and_load_wikimedia_stream","dag_id":"clickstream_wikimedia_pipeline","logger":"airflow.task.operators.airflow.providers.standard.operators.python.PythonOperator","filename":"python.py","lineno":233}
{"timestamp":"2026-08-18T06:48:38.584831Z","level":"info","event":"::group::Post Execute","map_index":-1,"run_id":"scheduled__2026-08-18T06:47:50.113543+00:00","try_number":1,"ti_id":"01a013a0-a770-72a8-b9fc-1a38018eda1b","task_id":"ingest_and_load_wikimedia_stream","dag_id":"clickstream_wikimedia_pipeline","logger":"task","filename":"task_runner.py","lineno":1580}
{"timestamp":"2026-08-18T06:48:38.592122Z","level":"info","event":"Clickstream ingestion batch processed and committed successfully.","logger":"task.stdout"}
{"timestamp":"2026-08-18T06:48:38.882190Z","level":"info","event":"Task instance in success state","logger":"task.stdout"}
{"timestamp":"2026-08-18T06:48:38.883645Z","level":"info","event":" Previous state of the Task instance: TaskInstanceState.RUNNING","logger":"task.stdout"}
{"timestamp":"2026-08-18T06:48:38.885928Z","level":"info","event":"Task operator:<Task(PythonOperator): ingest_and_load_wikimedia_stream>","logger":"task.stdout"}
{"timestamp":"2026-08-18T06:48:38.882754Z","level":"info","event":"::endgroup::","map_index":-1,"run_id":"scheduled__2026-08-18T06:47:50.113543+00:00","try_number":1,"ti_id":"01a013a0-a770-72a8-b9fc-1a38018eda1b","task_id":"ingest_and_load_wikimedia_stream","dag_id":"clickstream_wikimedia_pipeline","logger":"task","filename":"task_runner.py","lineno":2379}
