{"timestamp":"2026-08-18T06:48:41.782189Z","level":"info","event":"::group::Pre Execute","logger":"task","filename":"task_runner.py","lineno":2412}
{"timestamp":"2026-08-18T06:48:45.270638Z","level":"info","event":"DAG bundles loaded: dags-folder, example_dags, apache-airflow-providers-common-sql-example-dags, apache-airflow-providers-standard-example-dags","ti_id":"01a013a0-e81d-7cf4-a91b-0b3b7e2241d5","run_id":"manual__2026-08-18T06:48:27.012992+00:00","map_index":-1,"try_number":1,"dag_id":"clickstream_wikimedia_pipeline","task_id":"ingest_and_load_wikimedia_stream","logger":"airflow.dag_processing.bundles.manager.DagBundlesManager","filename":"manager.py","lineno":304}
{"timestamp":"2026-08-18T06:48:45.279082Z","level":"info","event":"Filling up the DagBag from /mnt/c/users/aryan/onedrive/desktop/ClickStreamETL/dags/clickstream_pipeline_dag.py","ti_id":"01a013a0-e81d-7cf4-a91b-0b3b7e2241d5","run_id":"manual__2026-08-18T06:48:27.012992+00:00","map_index":-1,"try_number":1,"dag_id":"clickstream_wikimedia_pipeline","task_id":"ingest_and_load_wikimedia_stream","logger":"airflow.dag_processing.dagbag.BundleDagBag","filename":"dagbag.py","lineno":460}
{"timestamp":"2026-08-18T06:48:49.038839Z","level":"error","event":"2026-08-18 06:48:49 [INFO] [db_writes]: MySQL database connection engine initialized.","logger":"task.stderr"}
{"timestamp":"2026-08-18T06:48:49.038636Z","level":"info","event":"MySQL database connection engine initialized.","logger":"db_writes","ti_id":"01a013a0-e81d-7cf4-a91b-0b3b7e2241d5","run_id":"manual__2026-08-18T06:48:27.012992+00:00","map_index":-1,"try_number":1,"dag_id":"clickstream_wikimedia_pipeline","task_id":"ingest_and_load_wikimedia_stream","filename":"db_connection.py","lineno":37}
{"timestamp":"2026-08-18T06:48:49.057945Z","level":"info","event":"Worker startup parse complete","bundle_name":"dags-folder","bundle_version":null,"dag_file":"clickstream_pipeline_dag.py","dag_id":"clickstream_wikimedia_pipeline","bundle_prepare_ms":60,"dag_file_parse_ms":3779,"ti_id":"01a013a0-e81d-7cf4-a91b-0b3b7e2241d5","run_id":"manual__2026-08-18T06:48:27.012992+00:00","map_index":-1,"try_number":1,"task_id":"ingest_and_load_wikimedia_stream","logger":"task","filename":"task_runner.py","lineno":1073}
{"timestamp":"2026-08-18T06:48:49.130432Z","level":"info","event":"Task instance is in running state","logger":"task.stdout"}
{"timestamp":"2026-08-18T06:48:49.133573Z","level":"info","event":" Previous state of the Task instance: TaskInstanceState.QUEUED","logger":"task.stdout"}
{"timestamp":"2026-08-18T06:48:49.138264Z","level":"info","event":"Current task name:ingest_and_load_wikimedia_stream","logger":"task.stdout"}
{"timestamp":"2026-08-18T06:48:49.140258Z","level":"info","event":"Dag name:clickstream_wikimedia_pipeline","logger":"task.stdout"}
{"timestamp":"2026-08-18T06:48:49.131306Z","level":"info","event":"::endgroup::","ti_id":"01a013a0-e81d-7cf4-a91b-0b3b7e2241d5","run_id":"manual__2026-08-18T06:48:27.012992+00:00","map_index":-1,"try_number":1,"dag_id":"clickstream_wikimedia_pipeline","task_id":"ingest_and_load_wikimedia_stream","logger":"task","filename":"task_runner.py","lineno":2232}
{"timestamp":"2026-08-18T06:48:49.168031Z","level":"info","event":"Starting clickstream ingestion batch (limit=50 events)...","logger":"task.stdout"}
{"timestamp":"2026-08-18T06:48:49.169594Z","level":"error","event":"2026-08-18 06:48:49 [INFO] [ingestion]: Connecting to SSE stream: https://stream.wikimedia.org/v2/stream/recentchange","logger":"task.stderr"}
{"timestamp":"2026-08-18T06:48:49.169295Z","level":"info","event":"Connecting to SSE stream: https://stream.wikimedia.org/v2/stream/recentchange","logger":"ingestion","ti_id":"01a013a0-e81d-7cf4-a91b-0b3b7e2241d5","run_id":"manual__2026-08-18T06:48:27.012992+00:00","map_index":-1,"try_number":1,"dag_id":"clickstream_wikimedia_pipeline","task_id":"ingest_and_load_wikimedia_stream","filename":"api_ingestion.py","lineno":17}
{"timestamp":"2026-08-18T06:48:50.570025Z","level":"error","event":"2026-08-18 06:48:50 [INFO] [db_writes]: Committed event ID: 47cd926e-8565-42b3-aaef-e4836932146d","logger":"task.stderr"}
{"timestamp":"2026-08-18T06:48:50.570012Z","level":"info","event":"Committed event ID: 47cd926e-8565-42b3-aaef-e4836932146d","logger":"db_writes","ti_id":"01a013a0-e81d-7cf4-a91b-0b3b7e2241d5","run_id":"manual__2026-08-18T06:48:27.012992+00:00","map_index":-1,"try_number":1,"dag_id":"clickstream_wikimedia_pipeline","task_id":"ingest_and_load_wikimedia_stream","filename":"db_writes.py","lineno":20}
{"timestamp":"2026-08-18T06:48:50.581894Z","level":"error","event":"2026-08-18 06:48:50 [INFO] [db_writes]: Committed event ID: dda789c7-cb31-4b78-85f3-73100acd7165","logger":"task.stderr"}
{"timestamp":"2026-08-18T06:48:50.582022Z","level":"info","event":"Committed event ID: dda789c7-cb31-4b78-85f3-73100acd7165","logger":"db_writes","ti_id":"01a013a0-e81d-7cf4-a91b-0b3b7e2241d5","run_id":"manual__2026-08-18T06:48:27.012992+00:00","map_index":-1,"try_number":1,"dag_id":"clickstream_wikimedia_pipeline","task_id":"ingest_and_load_wikimedia_stream","filename":"db_writes.py","lineno":20}
{"timestamp":"2026-08-18T06:48:50.604354Z","level":"error","event":"2026-08-18 06:48:50 [INFO] [db_writes]: Committed event ID: 43a03b53-058c-491b-829d-624eeafc9764","logger":"task.stderr"}
{"timestamp":"2026-08-18T06:48:50.604341Z","level":"info","event":"Committed event ID: 43a03b53-058c-491b-829d-624eeafc9764","logger":"db_writes","ti_id":"01a013a0-e81d-7cf4-a91b-0b3b7e2241d5","run_id":"manual__2026-08-18T06:48:27.012992+00:00","map_index":-1,"try_number":1,"dag_id":"clickstream_wikimedia_pipeline","task_id":"ingest_and_load_wikimedia_stream","filename":"db_writes.py","lineno":20}
{"timestamp":"2026-08-18T06:48:50.614566Z","level":"error","event":"2026-08-18 06:48:50 [INFO] [db_writes]: Committed event ID: b2513040-74b2-4fd5-83c0-617f4549bf94","logger":"task.stderr"}
{"timestamp":"2026-08-18T06:48:50.614565Z","level":"info","event":"Committed event ID: b2513040-74b2-4fd5-83c0-617f4549bf94","logger":"db_writes","ti_id":"01a013a0-e81d-7cf4-a91b-0b3b7e2241d5","run_id":"manual__2026-08-18T06:48:27.012992+00:00","map_index":-1,"try_number":1,"dag_id":"clickstream_wikimedia_pipeline","task_id":"ingest_and_load_wikimedia_stream","filename":"db_writes.py","lineno":20}
{"timestamp":"2026-08-18T06:48:50.654018Z","level":"error","event":"2026-08-18 06:48:50 [INFO] [db_writes]: Committed event ID: c78ce4c8-942d-42ba-ba15-a42ac5c86bbc","logger":"task.stderr"}
{"timestamp":"2026-08-18T06:48:50.654016Z","level":"info","event":"Committed event ID: c78ce4c8-942d-42ba-ba15-a42ac5c86bbc","logger":"db_writes","ti_id":"01a013a0-e81d-7cf4-a91b-0b3b7e2241d5","run_id":"manual__2026-08-18T06:48:27.012992+00:00","map_index":-1,"try_number":1,"dag_id":"clickstream_wikimedia_pipeline","task_id":"ingest_and_load_wikimedia_stream","filename":"db_writes.py","lineno":20}
{"timestamp":"2026-08-18T06:48:50.705315Z","level":"error","event":"2026-08-18 06:48:50 [INFO] [db_writes]: Committed event ID: 73290cb3-448a-4612-8b18-896a6cbe85db","logger":"task.stderr"}
{"timestamp":"2026-08-18T06:48:50.705244Z","level":"info","event":"Committed event ID: 73290cb3-448a-4612-8b18-896a6cbe85db","logger":"db_writes","ti_id":"01a013a0-e81d-7cf4-a91b-0b3b7e2241d5","run_id":"manual__2026-08-18T06:48:27.012992+00:00","map_index":-1,"try_number":1,"dag_id":"clickstream_wikimedia_pipeline","task_id":"ingest_and_load_wikimedia_stream","filename":"db_writes.py","lineno":20}
{"timestamp":"2026-08-18T06:48:50.717009Z","level":"error","event":"2026-08-18 06:48:50 [INFO] [db_writes]: Committed event ID: b9e62d16-7251-4c07-976e-b29204a01b06","logger":"task.stderr"}
{"timestamp":"2026-08-18T06:48:50.717008Z","level":"info","event":"Committed event ID: b9e62d16-7251-4c07-976e-b29204a01b06","logger":"db_writes","ti_id":"01a013a0-e81d-7cf4-a91b-0b3b7e2241d5","run_id":"manual__2026-08-18T06:48:27.012992+00:00","map_index":-1,"try_number":1,"dag_id":"clickstream_wikimedia_pipeline","task_id":"ingest_and_load_wikimedia_stream","filename":"db_writes.py","lineno":20}
{"timestamp":"2026-08-18T06:48:50.747300Z","level":"error","event":"2026-08-18 06:48:50 [INFO] [db_writes]: Committed event ID: 033f56a6-1adf-433d-b7db-ba404bfd169e","logger":"task.stderr"}
{"timestamp":"2026-08-18T06:48:50.747402Z","level":"info","event":"Committed event ID: 033f56a6-1adf-433d-b7db-ba404bfd169e","logger":"db_writes","ti_id":"01a013a0-e81d-7cf4-a91b-0b3b7e2241d5","run_id":"manual__2026-08-18T06:48:27.012992+00:00","map_index":-1,"try_number":1,"dag_id":"clickstream_wikimedia_pipeline","task_id":"ingest_and_load_wikimedia_stream","filename":"db_writes.py","lineno":20}
{"timestamp":"2026-08-18T06:48:50.845368Z","level":"error","event":"2026-08-18 06:48:50 [INFO] [db_writes]: Committed event ID: dc408acf-a48b-4bac-9068-29062e221cc8","logger":"task.stderr"}
{"timestamp":"2026-08-18T06:48:50.845436Z","level":"info","event":"Committed event ID: dc408acf-a48b-4bac-9068-29062e221cc8","logger":"db_writes","ti_id":"01a013a0-e81d-7cf4-a91b-0b3b7e2241d5","run_id":"manual__2026-08-18T06:48:27.012992+00:00","map_index":-1,"try_number":1,"dag_id":"clickstream_wikimedia_pipeline","task_id":"ingest_and_load_wikimedia_stream","filename":"db_writes.py","lineno":20}
{"timestamp":"2026-08-18T06:48:50.931918Z","level":"error","event":"2026-08-18 06:48:50 [INFO] [db_writes]: Committed event ID: c597bf19-6c11-4811-85a9-e2538926dc79","logger":"task.stderr"}
{"timestamp":"2026-08-18T06:48:50.931838Z","level":"info","event":"Committed event ID: c597bf19-6c11-4811-85a9-e2538926dc79","logger":"db_writes","ti_id":"01a013a0-e81d-7cf4-a91b-0b3b7e2241d5","run_id":"manual__2026-08-18T06:48:27.012992+00:00","map_index":-1,"try_number":1,"dag_id":"clickstream_wikimedia_pipeline","task_id":"ingest_and_load_wikimedia_stream","filename":"db_writes.py","lineno":20}
{"timestamp":"2026-08-18T06:48:50.943186Z","level":"error","event":"2026-08-18 06:48:50 [INFO] [db_writes]: Committed event ID: 41b07923-896c-4837-acfc-11d02f7ae3a3","logger":"task.stderr"}
{"timestamp":"2026-08-18T06:48:50.943181Z","level":"info","event":"Committed event ID: 41b07923-896c-4837-acfc-11d02f7ae3a3","logger":"db_writes","ti_id":"01a013a0-e81d-7cf4-a91b-0b3b7e2241d5","run_id":"manual__2026-08-18T06:48:27.012992+00:00","map_index":-1,"try_number":1,"dag_id":"clickstream_wikimedia_pipeline","task_id":"ingest_and_load_wikimedia_stream","filename":"db_writes.py","lineno":20}
{"timestamp":"2026-08-18T06:48:50.955968Z","level":"info","event":"Committed event ID: 460f980e-b6eb-4f49-b041-aedd7982dc85","logger":"db_writes","ti_id":"01a013a0-e81d-7cf4-a91b-0b3b7e2241d5","run_id":"manual__2026-08-18T06:48:27.012992+00:00","map_index":-1,"try_number":1,"dag_id":"clickstream_wikimedia_pipeline","task_id":"ingest_and_load_wikimedia_stream","filename":"db_writes.py","lineno":20}
{"timestamp":"2026-08-18T06:48:50.959539Z","level":"error","event":"2026-08-18 06:48:50 [INFO] [db_writes]: Committed event ID: 460f980e-b6eb-4f49-b041-aedd7982dc85","logger":"task.stderr"}
{"timestamp":"2026-08-18T06:48:50.966854Z","level":"error","event":"2026-08-18 06:48:50 [INFO] [db_writes]: Committed event ID: 02000115-43f6-458b-84d4-0d469a4635a9","logger":"task.stderr"}
{"timestamp":"2026-08-18T06:48:50.966853Z","level":"info","event":"Committed event ID: 02000115-43f6-458b-84d4-0d469a4635a9","logger":"db_writes","ti_id":"01a013a0-e81d-7cf4-a91b-0b3b7e2241d5","run_id":"manual__2026-08-18T06:48:27.012992+00:00","map_index":-1,"try_number":1,"dag_id":"clickstream_wikimedia_pipeline","task_id":"ingest_and_load_wikimedia_stream","filename":"db_writes.py","lineno":20}
{"timestamp":"2026-08-18T06:48:51.023514Z","level":"error","event":"2026-08-18 06:48:51 [INFO] [db_writes]: Committed event ID: 6d46a197-52d4-486c-9da0-eb65b5c9fe37","logger":"task.stderr"}
{"timestamp":"2026-08-18T06:48:51.023623Z","level":"info","event":"Committed event ID: 6d46a197-52d4-486c-9da0-eb65b5c9fe37","logger":"db_writes","ti_id":"01a013a0-e81d-7cf4-a91b-0b3b7e2241d5","run_id":"manual__2026-08-18T06:48:27.012992+00:00","map_index":-1,"try_number":1,"dag_id":"clickstream_wikimedia_pipeline","task_id":"ingest_and_load_wikimedia_stream","filename":"db_writes.py","lineno":20}
{"timestamp":"2026-08-18T06:48:51.046991Z","level":"error","event":"2026-08-18 06:48:51 [INFO] [db_writes]: Committed event ID: 2c86d3f6-7366-48d4-8dba-0ec373490673","logger":"task.stderr"}
{"timestamp":"2026-08-18T06:48:51.046957Z","level":"info","event":"Committed event ID: 2c86d3f6-7366-48d4-8dba-0ec373490673","logger":"db_writes","ti_id":"01a013a0-e81d-7cf4-a91b-0b3b7e2241d5","run_id":"manual__2026-08-18T06:48:27.012992+00:00","map_index":-1,"try_number":1,"dag_id":"clickstream_wikimedia_pipeline","task_id":"ingest_and_load_wikimedia_stream","filename":"db_writes.py","lineno":20}
{"timestamp":"2026-08-18T06:48:51.058064Z","level":"error","event":"2026-08-18 06:48:51 [INFO] [db_writes]: Committed event ID: 5e8cd4bb-78f0-43dd-8539-e344eaaec760","logger":"task.stderr"}
{"timestamp":"2026-08-18T06:48:51.058061Z","level":"info","event":"Committed event ID: 5e8cd4bb-78f0-43dd-8539-e344eaaec760","logger":"db_writes","ti_id":"01a013a0-e81d-7cf4-a91b-0b3b7e2241d5","run_id":"manual__2026-08-18T06:48:27.012992+00:00","map_index":-1,"try_number":1,"dag_id":"clickstream_wikimedia_pipeline","task_id":"ingest_and_load_wikimedia_stream","filename":"db_writes.py","lineno":20}
{"timestamp":"2026-08-18T06:48:51.068404Z","level":"error","event":"2026-08-18 06:48:51 [INFO] [db_writes]: Committed event ID: 190603a4-81aa-468a-90cc-ca7add28a3ac","logger":"task.stderr"}
{"timestamp":"2026-08-18T06:48:51.068408Z","level":"info","event":"Committed event ID: 190603a4-81aa-468a-90cc-ca7add28a3ac","logger":"db_writes","ti_id":"01a013a0-e81d-7cf4-a91b-0b3b7e2241d5","run_id":"manual__2026-08-18T06:48:27.012992+00:00","map_index":-1,"try_number":1,"dag_id":"clickstream_wikimedia_pipeline","task_id":"ingest_and_load_wikimedia_stream","filename":"db_writes.py","lineno":20}
{"timestamp":"2026-08-18T06:48:51.077053Z","level":"error","event":"2026-08-18 06:48:51 [INFO] [db_writes]: Committed event ID: 23a4c8de-ed95-4374-bc6a-19e2d648b598","logger":"task.stderr"}
{"timestamp":"2026-08-18T06:48:51.077050Z","level":"info","event":"Committed event ID: 23a4c8de-ed95-4374-bc6a-19e2d648b598","logger":"db_writes","ti_id":"01a013a0-e81d-7cf4-a91b-0b3b7e2241d5","run_id":"manual__2026-08-18T06:48:27.012992+00:00","map_index":-1,"try_number":1,"dag_id":"clickstream_wikimedia_pipeline","task_id":"ingest_and_load_wikimedia_stream","filename":"db_writes.py","lineno":20}
{"timestamp":"2026-08-18T06:48:51.095379Z","level":"error","event":"2026-08-18 06:48:51 [INFO] [db_writes]: Committed event ID: 74abb5a2-069e-4150-a113-ae19a7bf84fe","logger":"task.stderr"}
{"timestamp":"2026-08-18T06:48:51.095350Z","level":"info","event":"Committed event ID: 74abb5a2-069e-4150-a113-ae19a7bf84fe","logger":"db_writes","ti_id":"01a013a0-e81d-7cf4-a91b-0b3b7e2241d5","run_id":"manual__2026-08-18T06:48:27.012992+00:00","map_index":-1,"try_number":1,"dag_id":"clickstream_wikimedia_pipeline","task_id":"ingest_and_load_wikimedia_stream","filename":"db_writes.py","lineno":20}
{"timestamp":"2026-08-18T06:48:51.113943Z","level":"error","event":"2026-08-18 06:48:51 [INFO] [db_writes]: Committed event ID: 522da437-b42e-4096-ae92-8dd17c6f3389","logger":"task.stderr"}
{"timestamp":"2026-08-18T06:48:51.113942Z","level":"info","event":"Committed event ID: 522da437-b42e-4096-ae92-8dd17c6f3389","logger":"db_writes","ti_id":"01a013a0-e81d-7cf4-a91b-0b3b7e2241d5","run_id":"manual__2026-08-18T06:48:27.012992+00:00","map_index":-1,"try_number":1,"dag_id":"clickstream_wikimedia_pipeline","task_id":"ingest_and_load_wikimedia_stream","filename":"db_writes.py","lineno":20}
{"timestamp":"2026-08-18T06:48:51.497000Z","level":"error","event":"2026-08-18 06:48:51 [INFO] [db_writes]: Committed event ID: 0b45d67b-7858-4a9d-83c0-401d9ee8de5c","logger":"task.stderr"}
{"timestamp":"2026-08-18T06:48:51.496990Z","level":"info","event":"Committed event ID: 0b45d67b-7858-4a9d-83c0-401d9ee8de5c","logger":"db_writes","ti_id":"01a013a0-e81d-7cf4-a91b-0b3b7e2241d5","run_id":"manual__2026-08-18T06:48:27.012992+00:00","map_index":-1,"try_number":1,"dag_id":"clickstream_wikimedia_pipeline","task_id":"ingest_and_load_wikimedia_stream","filename":"db_writes.py","lineno":20}
{"timestamp":"2026-08-18T06:48:51.511301Z","level":"error","event":"2026-08-18 06:48:51 [INFO] [db_writes]: Committed event ID: 6bc7d683-9d22-40ae-adb2-7b38caaa1b6a","logger":"task.stderr"}
{"timestamp":"2026-08-18T06:48:51.511257Z","level":"info","event":"Committed event ID: 6bc7d683-9d22-40ae-adb2-7b38caaa1b6a","logger":"db_writes","ti_id":"01a013a0-e81d-7cf4-a91b-0b3b7e2241d5","run_id":"manual__2026-08-18T06:48:27.012992+00:00","map_index":-1,"try_number":1,"dag_id":"clickstream_wikimedia_pipeline","task_id":"ingest_and_load_wikimedia_stream","filename":"db_writes.py","lineno":20}
{"timestamp":"2026-08-18T06:48:51.521051Z","level":"error","event":"2026-08-18 06:48:51 [INFO] [db_writes]: Committed event ID: 4dd037c4-4617-42ae-987f-79a62696cba1","logger":"task.stderr"}
{"timestamp":"2026-08-18T06:48:51.521044Z","level":"info","event":"Committed event ID: 4dd037c4-4617-42ae-987f-79a62696cba1","logger":"db_writes","ti_id":"01a013a0-e81d-7cf4-a91b-0b3b7e2241d5","run_id":"manual__2026-08-18T06:48:27.012992+00:00","map_index":-1,"try_number":1,"dag_id":"clickstream_wikimedia_pipeline","task_id":"ingest_and_load_wikimedia_stream","filename":"db_writes.py","lineno":20}
{"timestamp":"2026-08-18T06:48:51.536123Z","level":"error","event":"2026-08-18 06:48:51 [INFO] [db_writes]: Committed event ID: a02b8976-38c9-4f1c-9b64-74bb9727e91e","logger":"task.stderr"}
{"timestamp":"2026-08-18T06:48:51.536114Z","level":"info","event":"Committed event ID: a02b8976-38c9-4f1c-9b64-74bb9727e91e","logger":"db_writes","ti_id":"01a013a0-e81d-7cf4-a91b-0b3b7e2241d5","run_id":"manual__2026-08-18T06:48:27.012992+00:00","map_index":-1,"try_number":1,"dag_id":"clickstream_wikimedia_pipeline","task_id":"ingest_and_load_wikimedia_stream","filename":"db_writes.py","lineno":20}
{"timestamp":"2026-08-18T06:48:51.697979Z","level":"error","event":"2026-08-18 06:48:51 [INFO] [db_writes]: Committed event ID: 72c4c020-663e-4368-8773-e5f39cb93bc4","logger":"task.stderr"}
{"timestamp":"2026-08-18T06:48:51.697979Z","level":"info","event":"Committed event ID: 72c4c020-663e-4368-8773-e5f39cb93bc4","logger":"db_writes","ti_id":"01a013a0-e81d-7cf4-a91b-0b3b7e2241d5","run_id":"manual__2026-08-18T06:48:27.012992+00:00","map_index":-1,"try_number":1,"dag_id":"clickstream_wikimedia_pipeline","task_id":"ingest_and_load_wikimedia_stream","filename":"db_writes.py","lineno":20}
{"timestamp":"2026-08-18T06:48:51.792240Z","level":"error","event":"2026-08-18 06:48:51 [INFO] [db_writes]: Committed event ID: 06d70981-160a-4178-9e63-bce88a091be2","logger":"task.stderr"}
{"timestamp":"2026-08-18T06:48:51.792226Z","level":"info","event":"Committed event ID: 06d70981-160a-4178-9e63-bce88a091be2","logger":"db_writes","ti_id":"01a013a0-e81d-7cf4-a91b-0b3b7e2241d5","run_id":"manual__2026-08-18T06:48:27.012992+00:00","map_index":-1,"try_number":1,"dag_id":"clickstream_wikimedia_pipeline","task_id":"ingest_and_load_wikimedia_stream","filename":"db_writes.py","lineno":20}
{"timestamp":"2026-08-18T06:48:51.833566Z","level":"error","event":"2026-08-18 06:48:51 [INFO] [db_writes]: Committed event ID: 18964716-78be-4298-a7d1-56105dd66d05","logger":"task.stderr"}
{"timestamp":"2026-08-18T06:48:51.833559Z","level":"info","event":"Committed event ID: 18964716-78be-4298-a7d1-56105dd66d05","logger":"db_writes","ti_id":"01a013a0-e81d-7cf4-a91b-0b3b7e2241d5","run_id":"manual__2026-08-18T06:48:27.012992+00:00","map_index":-1,"try_number":1,"dag_id":"clickstream_wikimedia_pipeline","task_id":"ingest_and_load_wikimedia_stream","filename":"db_writes.py","lineno":20}
{"timestamp":"2026-08-18T06:48:51.855526Z","level":"error","event":"2026-08-18 06:48:51 [INFO] [db_writes]: Committed event ID: bf24c828-e293-4fa0-b2be-5c0607350f52","logger":"task.stderr"}
{"timestamp":"2026-08-18T06:48:51.855248Z","level":"info","event":"Committed event ID: bf24c828-e293-4fa0-b2be-5c0607350f52","logger":"db_writes","ti_id":"01a013a0-e81d-7cf4-a91b-0b3b7e2241d5","run_id":"manual__2026-08-18T06:48:27.012992+00:00","map_index":-1,"try_number":1,"dag_id":"clickstream_wikimedia_pipeline","task_id":"ingest_and_load_wikimedia_stream","filename":"db_writes.py","lineno":20}
{"timestamp":"2026-08-18T06:48:51.867979Z","level":"error","event":"2026-08-18 06:48:51 [INFO] [db_writes]: Committed event ID: ac8d9fbe-4b05-40fa-b215-e4e4b0b3ee5a","logger":"task.stderr"}
{"timestamp":"2026-08-18T06:48:51.867978Z","level":"info","event":"Committed event ID: ac8d9fbe-4b05-40fa-b215-e4e4b0b3ee5a","logger":"db_writes","ti_id":"01a013a0-e81d-7cf4-a91b-0b3b7e2241d5","run_id":"manual__2026-08-18T06:48:27.012992+00:00","map_index":-1,"try_number":1,"dag_id":"clickstream_wikimedia_pipeline","task_id":"ingest_and_load_wikimedia_stream","filename":"db_writes.py","lineno":20}
{"timestamp":"2026-08-18T06:48:51.879978Z","level":"error","event":"2026-08-18 06:48:51 [INFO] [db_writes]: Committed event ID: 15e5ffa9-127a-43da-850d-d78a058efcd8","logger":"task.stderr"}
{"timestamp":"2026-08-18T06:48:51.879961Z","level":"info","event":"Committed event ID: 15e5ffa9-127a-43da-850d-d78a058efcd8","logger":"db_writes","ti_id":"01a013a0-e81d-7cf4-a91b-0b3b7e2241d5","run_id":"manual__2026-08-18T06:48:27.012992+00:00","map_index":-1,"try_number":1,"dag_id":"clickstream_wikimedia_pipeline","task_id":"ingest_and_load_wikimedia_stream","filename":"db_writes.py","lineno":20}
{"timestamp":"2026-08-18T06:48:51.894853Z","level":"error","event":"2026-08-18 06:48:51 [INFO] [db_writes]: Committed event ID: 0a993773-c187-448d-b548-c95950609bd2","logger":"task.stderr"}
{"timestamp":"2026-08-18T06:48:51.894824Z","level":"info","event":"Committed event ID: 0a993773-c187-448d-b548-c95950609bd2","logger":"db_writes","ti_id":"01a013a0-e81d-7cf4-a91b-0b3b7e2241d5","run_id":"manual__2026-08-18T06:48:27.012992+00:00","map_index":-1,"try_number":1,"dag_id":"clickstream_wikimedia_pipeline","task_id":"ingest_and_load_wikimedia_stream","filename":"db_writes.py","lineno":20}
{"timestamp":"2026-08-18T06:48:51.906330Z","level":"error","event":"2026-08-18 06:48:51 [INFO] [db_writes]: Committed event ID: 106eea6d-7172-4948-bd16-03571dca8bac","logger":"task.stderr"}
{"timestamp":"2026-08-18T06:48:51.906287Z","level":"info","event":"Committed event ID: 106eea6d-7172-4948-bd16-03571dca8bac","logger":"db_writes","ti_id":"01a013a0-e81d-7cf4-a91b-0b3b7e2241d5","run_id":"manual__2026-08-18T06:48:27.012992+00:00","map_index":-1,"try_number":1,"dag_id":"clickstream_wikimedia_pipeline","task_id":"ingest_and_load_wikimedia_stream","filename":"db_writes.py","lineno":20}
{"timestamp":"2026-08-18T06:48:51.927082Z","level":"error","event":"2026-08-18 06:48:51 [INFO] [db_writes]: Committed event ID: 470181ee-1589-4e8b-957e-4f811c71eeac","logger":"task.stderr"}
{"timestamp":"2026-08-18T06:48:51.927081Z","level":"info","event":"Committed event ID: 470181ee-1589-4e8b-957e-4f811c71eeac","logger":"db_writes","ti_id":"01a013a0-e81d-7cf4-a91b-0b3b7e2241d5","run_id":"manual__2026-08-18T06:48:27.012992+00:00","map_index":-1,"try_number":1,"dag_id":"clickstream_wikimedia_pipeline","task_id":"ingest_and_load_wikimedia_stream","filename":"db_writes.py","lineno":20}
{"timestamp":"2026-08-18T06:48:51.937346Z","level":"error","event":"2026-08-18 06:48:51 [INFO] [db_writes]: Committed event ID: 050cc579-6075-47e1-b0ce-93f42946a62c","logger":"task.stderr"}
{"timestamp":"2026-08-18T06:48:51.937312Z","level":"info","event":"Committed event ID: 050cc579-6075-47e1-b0ce-93f42946a62c","logger":"db_writes","ti_id":"01a013a0-e81d-7cf4-a91b-0b3b7e2241d5","run_id":"manual__2026-08-18T06:48:27.012992+00:00","map_index":-1,"try_number":1,"dag_id":"clickstream_wikimedia_pipeline","task_id":"ingest_and_load_wikimedia_stream","filename":"db_writes.py","lineno":20}
{"timestamp":"2026-08-18T06:48:52.180124Z","level":"error","event":"2026-08-18 06:48:52 [INFO] [db_writes]: Committed event ID: 97bfa96f-b443-4d32-ac2f-5dbc4fa600ff","logger":"task.stderr"}
{"timestamp":"2026-08-18T06:48:52.180078Z","level":"info","event":"Committed event ID: 97bfa96f-b443-4d32-ac2f-5dbc4fa600ff","logger":"db_writes","ti_id":"01a013a0-e81d-7cf4-a91b-0b3b7e2241d5","run_id":"manual__2026-08-18T06:48:27.012992+00:00","map_index":-1,"try_number":1,"dag_id":"clickstream_wikimedia_pipeline","task_id":"ingest_and_load_wikimedia_stream","filename":"db_writes.py","lineno":20}
{"timestamp":"2026-08-18T06:48:52.190396Z","level":"error","event":"2026-08-18 06:48:52 [INFO] [db_writes]: Committed event ID: 6f274645-2ec7-47c0-89e9-9ebd0ec2d6b6","logger":"task.stderr"}
{"timestamp":"2026-08-18T06:48:52.190363Z","level":"info","event":"Committed event ID: 6f274645-2ec7-47c0-89e9-9ebd0ec2d6b6","logger":"db_writes","ti_id":"01a013a0-e81d-7cf4-a91b-0b3b7e2241d5","run_id":"manual__2026-08-18T06:48:27.012992+00:00","map_index":-1,"try_number":1,"dag_id":"clickstream_wikimedia_pipeline","task_id":"ingest_and_load_wikimedia_stream","filename":"db_writes.py","lineno":20}
{"timestamp":"2026-08-18T06:48:52.200366Z","level":"error","event":"2026-08-18 06:48:52 [INFO] [db_writes]: Committed event ID: 5f69be60-fa1c-4f76-acab-9ba556ef9265","logger":"task.stderr"}
{"timestamp":"2026-08-18T06:48:52.200296Z","level":"info","event":"Committed event ID: 5f69be60-fa1c-4f76-acab-9ba556ef9265","logger":"db_writes","ti_id":"01a013a0-e81d-7cf4-a91b-0b3b7e2241d5","run_id":"manual__2026-08-18T06:48:27.012992+00:00","map_index":-1,"try_number":1,"dag_id":"clickstream_wikimedia_pipeline","task_id":"ingest_and_load_wikimedia_stream","filename":"db_writes.py","lineno":20}
{"timestamp":"2026-08-18T06:48:52.242454Z","level":"error","event":"2026-08-18 06:48:52 [INFO] [db_writes]: Committed event ID: 8306f7b0-82ad-4591-bb49-0f32676454d3","logger":"task.stderr"}
{"timestamp":"2026-08-18T06:48:52.242480Z","level":"info","event":"Committed event ID: 8306f7b0-82ad-4591-bb49-0f32676454d3","logger":"db_writes","ti_id":"01a013a0-e81d-7cf4-a91b-0b3b7e2241d5","run_id":"manual__2026-08-18T06:48:27.012992+00:00","map_index":-1,"try_number":1,"dag_id":"clickstream_wikimedia_pipeline","task_id":"ingest_and_load_wikimedia_stream","filename":"db_writes.py","lineno":20}
{"timestamp":"2026-08-18T06:48:52.295014Z","level":"error","event":"2026-08-18 06:48:52 [INFO] [db_writes]: Committed event ID: 9293b649-4dbf-44ed-ba5e-05ca42d3944c","logger":"task.stderr"}
{"timestamp":"2026-08-18T06:48:52.295005Z","level":"info","event":"Committed event ID: 9293b649-4dbf-44ed-ba5e-05ca42d3944c","logger":"db_writes","ti_id":"01a013a0-e81d-7cf4-a91b-0b3b7e2241d5","run_id":"manual__2026-08-18T06:48:27.012992+00:00","map_index":-1,"try_number":1,"dag_id":"clickstream_wikimedia_pipeline","task_id":"ingest_and_load_wikimedia_stream","filename":"db_writes.py","lineno":20}
{"timestamp":"2026-08-18T06:48:52.393495Z","level":"error","event":"2026-08-18 06:48:52 [INFO] [db_writes]: Committed event ID: f498d78c-75b2-4858-8f5b-4bf52eb75ebc","logger":"task.stderr"}
{"timestamp":"2026-08-18T06:48:52.393480Z","level":"info","event":"Committed event ID: f498d78c-75b2-4858-8f5b-4bf52eb75ebc","logger":"db_writes","ti_id":"01a013a0-e81d-7cf4-a91b-0b3b7e2241d5","run_id":"manual__2026-08-18T06:48:27.012992+00:00","map_index":-1,"try_number":1,"dag_id":"clickstream_wikimedia_pipeline","task_id":"ingest_and_load_wikimedia_stream","filename":"db_writes.py","lineno":20}
{"timestamp":"2026-08-18T06:48:52.431088Z","level":"error","event":"2026-08-18 06:48:52 [INFO] [db_writes]: Committed event ID: 7d2d882f-ab06-4bdb-9efe-13aa86161e15","logger":"task.stderr"}
{"timestamp":"2026-08-18T06:48:52.431101Z","level":"info","event":"Committed event ID: 7d2d882f-ab06-4bdb-9efe-13aa86161e15","logger":"db_writes","ti_id":"01a013a0-e81d-7cf4-a91b-0b3b7e2241d5","run_id":"manual__2026-08-18T06:48:27.012992+00:00","map_index":-1,"try_number":1,"dag_id":"clickstream_wikimedia_pipeline","task_id":"ingest_and_load_wikimedia_stream","filename":"db_writes.py","lineno":20}
{"timestamp":"2026-08-18T06:48:52.502111Z","level":"error","event":"2026-08-18 06:48:52 [INFO] [db_writes]: Committed event ID: 1d328913-25d1-4604-ba49-1002f5917432","logger":"task.stderr"}
{"timestamp":"2026-08-18T06:48:52.502113Z","level":"info","event":"Committed event ID: 1d328913-25d1-4604-ba49-1002f5917432","logger":"db_writes","ti_id":"01a013a0-e81d-7cf4-a91b-0b3b7e2241d5","run_id":"manual__2026-08-18T06:48:27.012992+00:00","map_index":-1,"try_number":1,"dag_id":"clickstream_wikimedia_pipeline","task_id":"ingest_and_load_wikimedia_stream","filename":"db_writes.py","lineno":20}
{"timestamp":"2026-08-18T06:48:52.520861Z","level":"error","event":"2026-08-18 06:48:52 [INFO] [db_writes]: Committed event ID: 4308309e-d48b-4337-888b-d499b228c6a8","logger":"task.stderr"}
{"timestamp":"2026-08-18T06:48:52.520895Z","level":"info","event":"Committed event ID: 4308309e-d48b-4337-888b-d499b228c6a8","logger":"db_writes","ti_id":"01a013a0-e81d-7cf4-a91b-0b3b7e2241d5","run_id":"manual__2026-08-18T06:48:27.012992+00:00","map_index":-1,"try_number":1,"dag_id":"clickstream_wikimedia_pipeline","task_id":"ingest_and_load_wikimedia_stream","filename":"db_writes.py","lineno":20}
{"timestamp":"2026-08-18T06:48:52.532997Z","level":"error","event":"2026-08-18 06:48:52 [INFO] [db_writes]: Committed event ID: 3b2866af-aa0f-4d5e-9a82-2818ccb6a10f","logger":"task.stderr"}
{"timestamp":"2026-08-18T06:48:52.533004Z","level":"info","event":"Committed event ID: 3b2866af-aa0f-4d5e-9a82-2818ccb6a10f","logger":"db_writes","ti_id":"01a013a0-e81d-7cf4-a91b-0b3b7e2241d5","run_id":"manual__2026-08-18T06:48:27.012992+00:00","map_index":-1,"try_number":1,"dag_id":"clickstream_wikimedia_pipeline","task_id":"ingest_and_load_wikimedia_stream","filename":"db_writes.py","lineno":20}
{"timestamp":"2026-08-18T06:48:52.543032Z","level":"error","event":"2026-08-18 06:48:52 [INFO] [db_writes]: Committed event ID: ff422ff7-d23b-40e9-876b-c5db8c50dd97","logger":"task.stderr"}
{"timestamp":"2026-08-18T06:48:52.542738Z","level":"info","event":"Committed event ID: ff422ff7-d23b-40e9-876b-c5db8c50dd97","logger":"db_writes","ti_id":"01a013a0-e81d-7cf4-a91b-0b3b7e2241d5","run_id":"manual__2026-08-18T06:48:27.012992+00:00","map_index":-1,"try_number":1,"dag_id":"clickstream_wikimedia_pipeline","task_id":"ingest_and_load_wikimedia_stream","filename":"db_writes.py","lineno":20}
{"timestamp":"2026-08-18T06:48:52.639651Z","level":"error","event":"2026-08-18 06:48:52 [INFO] [db_writes]: Committed event ID: 4b9c1d45-006e-4954-b82d-bc9e06a432a3","logger":"task.stderr"}
{"timestamp":"2026-08-18T06:48:52.639651Z","level":"info","event":"Committed event ID: 4b9c1d45-006e-4954-b82d-bc9e06a432a3","logger":"db_writes","ti_id":"01a013a0-e81d-7cf4-a91b-0b3b7e2241d5","run_id":"manual__2026-08-18T06:48:27.012992+00:00","map_index":-1,"try_number":1,"dag_id":"clickstream_wikimedia_pipeline","task_id":"ingest_and_load_wikimedia_stream","filename":"db_writes.py","lineno":20}
{"timestamp":"2026-08-18T06:48:52.735725Z","level":"error","event":"2026-08-18 06:48:52 [INFO] [db_writes]: Committed event ID: a2828152-a308-4c53-859f-7ba9b06ab436","logger":"task.stderr"}
{"timestamp":"2026-08-18T06:48:52.735718Z","level":"info","event":"Committed event ID: a2828152-a308-4c53-859f-7ba9b06ab436","logger":"db_writes","ti_id":"01a013a0-e81d-7cf4-a91b-0b3b7e2241d5","run_id":"manual__2026-08-18T06:48:27.012992+00:00","map_index":-1,"try_number":1,"dag_id":"clickstream_wikimedia_pipeline","task_id":"ingest_and_load_wikimedia_stream","filename":"db_writes.py","lineno":20}
{"timestamp":"2026-08-18T06:48:53.020323Z","level":"error","event":"2026-08-18 06:48:53 [INFO] [db_writes]: Committed event ID: 31ed49b6-2d22-40fd-8121-0eaf39e8911c","logger":"task.stderr"}
{"timestamp":"2026-08-18T06:48:53.020301Z","level":"info","event":"Committed event ID: 31ed49b6-2d22-40fd-8121-0eaf39e8911c","logger":"db_writes","ti_id":"01a013a0-e81d-7cf4-a91b-0b3b7e2241d5","run_id":"manual__2026-08-18T06:48:27.012992+00:00","map_index":-1,"try_number":1,"dag_id":"clickstream_wikimedia_pipeline","task_id":"ingest_and_load_wikimedia_stream","filename":"db_writes.py","lineno":20}
{"timestamp":"2026-08-18T06:48:53.034055Z","level":"error","event":"2026-08-18 06:48:53 [INFO] [db_writes]: Committed event ID: 13149abb-3e8d-43dd-9ed9-e17cb97831d7","logger":"task.stderr"}
{"timestamp":"2026-08-18T06:48:53.034015Z","level":"info","event":"Committed event ID: 13149abb-3e8d-43dd-9ed9-e17cb97831d7","logger":"db_writes","ti_id":"01a013a0-e81d-7cf4-a91b-0b3b7e2241d5","run_id":"manual__2026-08-18T06:48:27.012992+00:00","map_index":-1,"try_number":1,"dag_id":"clickstream_wikimedia_pipeline","task_id":"ingest_and_load_wikimedia_stream","filename":"db_writes.py","lineno":20}
{"timestamp":"2026-08-18T06:48:53.067378Z","level":"error","event":"2026-08-18 06:48:53 [INFO] [db_writes]: Committed event ID: 9654c456-df20-4a45-b567-ac8ba7b3c5a4","logger":"task.stderr"}
{"timestamp":"2026-08-18T06:48:53.067365Z","level":"info","event":"Committed event ID: 9654c456-df20-4a45-b567-ac8ba7b3c5a4","logger":"db_writes","ti_id":"01a013a0-e81d-7cf4-a91b-0b3b7e2241d5","run_id":"manual__2026-08-18T06:48:27.012992+00:00","map_index":-1,"try_number":1,"dag_id":"clickstream_wikimedia_pipeline","task_id":"ingest_and_load_wikimedia_stream","filename":"db_writes.py","lineno":20}
{"timestamp":"2026-08-18T06:48:53.074992Z","level":"error","event":"2026-08-18 06:48:53 [INFO] [ingestion]: Batch completed with 50 records.","logger":"task.stderr"}
{"timestamp":"2026-08-18T06:48:53.074995Z","level":"info","event":"Batch completed with 50 records.","logger":"ingestion","ti_id":"01a013a0-e81d-7cf4-a91b-0b3b7e2241d5","run_id":"manual__2026-08-18T06:48:27.012992+00:00","map_index":-1,"try_number":1,"dag_id":"clickstream_wikimedia_pipeline","task_id":"ingest_and_load_wikimedia_stream","filename":"api_ingestion.py","lineno":33}
{"timestamp":"2026-08-18T06:48:53.077919Z","level":"info","event":"Done. Returned value was: None","ti_id":"01a013a0-e81d-7cf4-a91b-0b3b7e2241d5","run_id":"manual__2026-08-18T06:48:27.012992+00:00","map_index":-1,"try_number":1,"dag_id":"clickstream_wikimedia_pipeline","task_id":"ingest_and_load_wikimedia_stream","logger":"airflow.task.operators.airflow.providers.standard.operators.python.PythonOperator","filename":"python.py","lineno":233}
{"timestamp":"2026-08-18T06:48:53.078158Z","level":"info","event":"::group::Post Execute","ti_id":"01a013a0-e81d-7cf4-a91b-0b3b7e2241d5","run_id":"manual__2026-08-18T06:48:27.012992+00:00","map_index":-1,"try_number":1,"dag_id":"clickstream_wikimedia_pipeline","task_id":"ingest_and_load_wikimedia_stream","logger":"task","filename":"task_runner.py","lineno":1580}
{"timestamp":"2026-08-18T06:48:53.085140Z","level":"info","event":"Clickstream ingestion batch processed and committed successfully.","logger":"task.stdout"}
{"timestamp":"2026-08-18T06:48:53.175026Z","level":"info","event":"Task instance in success state","logger":"task.stdout"}
{"timestamp":"2026-08-18T06:48:53.182589Z","level":"info","event":" Previous state of the Task instance: TaskInstanceState.RUNNING","logger":"task.stdout"}
{"timestamp":"2026-08-18T06:48:53.185788Z","level":"info","event":"Task operator:<Task(PythonOperator): ingest_and_load_wikimedia_stream>","logger":"task.stdout"}
{"timestamp":"2026-08-18T06:48:53.175838Z","level":"info","event":"::endgroup::","ti_id":"01a013a0-e81d-7cf4-a91b-0b3b7e2241d5","run_id":"manual__2026-08-18T06:48:27.012992+00:00","map_index":-1,"try_number":1,"dag_id":"clickstream_wikimedia_pipeline","task_id":"ingest_and_load_wikimedia_stream","logger":"task","filename":"task_runner.py","lineno":2379}
